node:internal/modules/cjs/loader:1459
  throw err;
  ^

Error: Cannot find module 'express'
Require stack:
- /home/mhgbkxaz/nodeapp/server.js
- /usr/local/lsws/fcgi-bin/lsnode.js
    at Module._resolveFilename (node:internal/modules/cjs/loader:1456:15)
    at defaultResolveImpl (node:internal/modules/cjs/loader:1066:19)
    at resolveForCJSWithHooks (node:internal/modules/cjs/loader:1071:22)
    at Module._load (node:internal/modules/cjs/loader:1242:25)
    at wrapModuleLoad (node:internal/modules/cjs/loader:255:19)
    at Module.require (node:internal/modules/cjs/loader:1556:12)
    at require (node:internal/modules/helpers:152:16)
    at Object.<anonymous> (/home/mhgbkxaz/nodeapp/server.js:1:17)
    at Module._compile (node:internal/modules/cjs/loader:1812:14)
    at Module._extensions..js (node:internal/modules/cjs/loader:1943:10) {
  code: 'MODULE_NOT_FOUND',
  requireStack: [
    '/home/mhgbkxaz/nodeapp/server.js',
    '/usr/local/lsws/fcgi-bin/lsnode.js'
  ]
}

Node.js v24.14.1
node:internal/modules/cjs/loader:1459
  throw err;
  ^

Error: Cannot find module 'express'
Require stack:
- /home/mhgbkxaz/nodeapp/server.js
- /usr/local/lsws/fcgi-bin/lsnode.js
    at Module._resolveFilename (node:internal/modules/cjs/loader:1456:15)
    at defaultResolveImpl (node:internal/modules/cjs/loader:1066:19)
    at resolveForCJSWithHooks (node:internal/modules/cjs/loader:1071:22)
    at Module._load (node:internal/modules/cjs/loader:1242:25)
    at wrapModuleLoad (node:internal/modules/cjs/loader:255:19)
    at Module.require (node:internal/modules/cjs/loader:1556:12)
    at require (node:internal/modules/helpers:152:16)
    at Object.<anonymous> (/home/mhgbkxaz/nodeapp/server.js:1:17)
    at Module._compile (node:internal/modules/cjs/loader:1812:14)
    at Module._extensions..js (node:internal/modules/cjs/loader:1943:10) {
  code: 'MODULE_NOT_FOUND',
  requireStack: [
    '/home/mhgbkxaz/nodeapp/server.js',
    '/usr/local/lsws/fcgi-bin/lsnode.js'
  ]
}

Node.js v24.14.1
node:internal/modules/cjs/loader:1459
  throw err;
  ^

Error: Cannot find module 'express'
Require stack:
- /home/mhgbkxaz/nodeapp/server.js
- /usr/local/lsws/fcgi-bin/lsnode.js
    at Module._resolveFilename (node:internal/modules/cjs/loader:1456:15)
    at defaultResolveImpl (node:internal/modules/cjs/loader:1066:19)
    at resolveForCJSWithHooks (node:internal/modules/cjs/loader:1071:22)
    at Module._load (node:internal/modules/cjs/loader:1242:25)
    at wrapModuleLoad (node:internal/modules/cjs/loader:255:19)
    at Module.require (node:internal/modules/cjs/loader:1556:12)
    at require (node:internal/modules/helpers:152:16)
    at Object.<anonymous> (/home/mhgbkxaz/nodeapp/server.js:1:17)
    at Module._compile (node:internal/modules/cjs/loader:1812:14)
    at Module._extensions..js (node:internal/modules/cjs/loader:1943:10) {
  code: 'MODULE_NOT_FOUND',
  requireStack: [
    '/home/mhgbkxaz/nodeapp/server.js',
    '/usr/local/lsws/fcgi-bin/lsnode.js'
  ]
}

Node.js v24.14.1
node:internal/modules/cjs/loader:1459
  throw err;
  ^

Error: Cannot find module 'multer'
Require stack:
- /home/mhgbkxaz/nodeapp/server.js
- /usr/local/lsws/fcgi-bin/lsnode.js
    at Module._resolveFilename (node:internal/modules/cjs/loader:1456:15)
    at defaultResolveImpl (node:internal/modules/cjs/loader:1066:19)
    at resolveForCJSWithHooks (node:internal/modules/cjs/loader:1071:22)
    at Module._load (node:internal/modules/cjs/loader:1242:25)
    at wrapModuleLoad (node:internal/modules/cjs/loader:255:19)
    at Module.require (node:internal/modules/cjs/loader:1556:12)
    at require (node:internal/modules/helpers:152:16)
    at Object.<anonymous> (/home/mhgbkxaz/nodeapp/server.js:5:16)
    at Module._compile (node:internal/modules/cjs/loader:1812:14)
    at Module._extensions..js (node:internal/modules/cjs/loader:1943:10) {
  code: 'MODULE_NOT_FOUND',
  requireStack: [
    '/home/mhgbkxaz/nodeapp/server.js',
    '/usr/local/lsws/fcgi-bin/lsnode.js'
  ]
}

Node.js v24.14.1
node:internal/modules/cjs/loader:1459
  throw err;
  ^

Error: Cannot find module 'multer'
Require stack:
- /home/mhgbkxaz/nodeapp/server.js
- /usr/local/lsws/fcgi-bin/lsnode.js
    at Module._resolveFilename (node:internal/modules/cjs/loader:1456:15)
    at defaultResolveImpl (node:internal/modules/cjs/loader:1066:19)
    at resolveForCJSWithHooks (node:internal/modules/cjs/loader:1071:22)
    at Module._load (node:internal/modules/cjs/loader:1242:25)
    at wrapModuleLoad (node:internal/modules/cjs/loader:255:19)
    at Module.require (node:internal/modules/cjs/loader:1556:12)
    at require (node:internal/modules/helpers:152:16)
    at Object.<anonymous> (/home/mhgbkxaz/nodeapp/server.js:5:16)
    at Module._compile (node:internal/modules/cjs/loader:1812:14)
    at Module._extensions..js (node:internal/modules/cjs/loader:1943:10) {
  code: 'MODULE_NOT_FOUND',
  requireStack: [
    '/home/mhgbkxaz/nodeapp/server.js',
    '/usr/local/lsws/fcgi-bin/lsnode.js'
  ]
}

Node.js v24.14.1
node:internal/modules/cjs/loader:1459
  throw err;
  ^

Error: Cannot find module 'multer'
Require stack:
- /home/mhgbkxaz/nodeapp/server.js
- /usr/local/lsws/fcgi-bin/lsnode.js
    at Module._resolveFilename (node:internal/modules/cjs/loader:1456:15)
    at defaultResolveImpl (node:internal/modules/cjs/loader:1066:19)
    at resolveForCJSWithHooks (node:internal/modules/cjs/loader:1071:22)
    at Module._load (node:internal/modules/cjs/loader:1242:25)
    at wrapModuleLoad (node:internal/modules/cjs/loader:255:19)
    at Module.require (node:internal/modules/cjs/loader:1556:12)
    at require (node:internal/modules/helpers:152:16)
    at Object.<anonymous> (/home/mhgbkxaz/nodeapp/server.js:5:16)
    at Module._compile (node:internal/modules/cjs/loader:1812:14)
    at Module._extensions..js (node:internal/modules/cjs/loader:1943:10) {
  code: 'MODULE_NOT_FOUND',
  requireStack: [
    '/home/mhgbkxaz/nodeapp/server.js',
    '/usr/local/lsws/fcgi-bin/lsnode.js'
  ]
}

Node.js v24.14.1
node:internal/modules/cjs/loader:1459
  throw err;
  ^

Error: Cannot find module 'multer'
Require stack:
- /home/mhgbkxaz/nodeapp/server.js
- /usr/local/lsws/fcgi-bin/lsnode.js
    at Module._resolveFilename (node:internal/modules/cjs/loader:1456:15)
    at defaultResolveImpl (node:internal/modules/cjs/loader:1066:19)
    at resolveForCJSWithHooks (node:internal/modules/cjs/loader:1071:22)
    at Module._load (node:internal/modules/cjs/loader:1242:25)
    at wrapModuleLoad (node:internal/modules/cjs/loader:255:19)
    at Module.require (node:internal/modules/cjs/loader:1556:12)
    at require (node:internal/modules/helpers:152:16)
    at Object.<anonymous> (/home/mhgbkxaz/nodeapp/server.js:5:16)
    at Module._compile (node:internal/modules/cjs/loader:1812:14)
    at Module._extensions..js (node:internal/modules/cjs/loader:1943:10) {
  code: 'MODULE_NOT_FOUND',
  requireStack: [
    '/home/mhgbkxaz/nodeapp/server.js',
    '/usr/local/lsws/fcgi-bin/lsnode.js'
  ]
}

Node.js v24.14.1
node:internal/modules/cjs/loader:1459
  throw err;
  ^

Error: Cannot find module 'multer'
Require stack:
- /home/mhgbkxaz/nodeapp/server.js
- /usr/local/lsws/fcgi-bin/lsnode.js
    at Module._resolveFilename (node:internal/modules/cjs/loader:1456:15)
    at defaultResolveImpl (node:internal/modules/cjs/loader:1066:19)
    at resolveForCJSWithHooks (node:internal/modules/cjs/loader:1071:22)
    at Module._load (node:internal/modules/cjs/loader:1242:25)
    at wrapModuleLoad (node:internal/modules/cjs/loader:255:19)
    at Module.require (node:internal/modules/cjs/loader:1556:12)
    at require (node:internal/modules/helpers:152:16)
    at Object.<anonymous> (/home/mhgbkxaz/nodeapp/server.js:5:16)
    at Module._compile (node:internal/modules/cjs/loader:1812:14)
    at Module._extensions..js (node:internal/modules/cjs/loader:1943:10) {
  code: 'MODULE_NOT_FOUND',
  requireStack: [
    '/home/mhgbkxaz/nodeapp/server.js',
    '/usr/local/lsws/fcgi-bin/lsnode.js'
  ]
}

Node.js v24.14.1
node:internal/modules/cjs/loader:1459
  throw err;
  ^

Error: Cannot find module 'multer'
Require stack:
- /home/mhgbkxaz/nodeapp/server.js
- /usr/local/lsws/fcgi-bin/lsnode.js
    at Module._resolveFilename (node:internal/modules/cjs/loader:1456:15)
    at defaultResolveImpl (node:internal/modules/cjs/loader:1066:19)
    at resolveForCJSWithHooks (node:internal/modules/cjs/loader:1071:22)
    at Module._load (node:internal/modules/cjs/loader:1242:25)
    at wrapModuleLoad (node:internal/modules/cjs/loader:255:19)
    at Module.require (node:internal/modules/cjs/loader:1556:12)
    at require (node:internal/modules/helpers:152:16)
    at Object.<anonymous> (/home/mhgbkxaz/nodeapp/server.js:5:16)
    at Module._compile (node:internal/modules/cjs/loader:1812:14)
    at Module._extensions..js (node:internal/modules/cjs/loader:1943:10) {
  code: 'MODULE_NOT_FOUND',
  requireStack: [
    '/home/mhgbkxaz/nodeapp/server.js',
    '/usr/local/lsws/fcgi-bin/lsnode.js'
  ]
}

Node.js v24.14.1
node:internal/modules/cjs/loader:1459
  throw err;
  ^

Error: Cannot find module 'multer'
Require stack:
- /home/mhgbkxaz/nodeapp/server.js
- /usr/local/lsws/fcgi-bin/lsnode.js
    at Module._resolveFilename (node:internal/modules/cjs/loader:1456:15)
    at defaultResolveImpl (node:internal/modules/cjs/loader:1066:19)
    at resolveForCJSWithHooks (node:internal/modules/cjs/loader:1071:22)
    at Module._load (node:internal/modules/cjs/loader:1242:25)
    at wrapModuleLoad (node:internal/modules/cjs/loader:255:19)
    at Module.require (node:internal/modules/cjs/loader:1556:12)
    at require (node:internal/modules/helpers:152:16)
    at Object.<anonymous> (/home/mhgbkxaz/nodeapp/server.js:5:16)
    at Module._compile (node:internal/modules/cjs/loader:1812:14)
    at Module._extensions..js (node:internal/modules/cjs/loader:1943:10) {
  code: 'MODULE_NOT_FOUND',
  requireStack: [
    '/home/mhgbkxaz/nodeapp/server.js',
    '/usr/local/lsws/fcgi-bin/lsnode.js'
  ]
}

Node.js v24.14.1
node:internal/modules/cjs/loader:1459
  throw err;
  ^

Error: Cannot find module 'multer'
Require stack:
- /home/mhgbkxaz/nodeapp/server.js
- /usr/local/lsws/fcgi-bin/lsnode.js
    at Module._resolveFilename (node:internal/modules/cjs/loader:1456:15)
    at defaultResolveImpl (node:internal/modules/cjs/loader:1066:19)
    at resolveForCJSWithHooks (node:internal/modules/cjs/loader:1071:22)
    at Module._load (node:internal/modules/cjs/loader:1242:25)
    at wrapModuleLoad (node:internal/modules/cjs/loader:255:19)
    at Module.require (node:internal/modules/cjs/loader:1556:12)
    at require (node:internal/modules/helpers:152:16)
    at Object.<anonymous> (/home/mhgbkxaz/nodeapp/server.js:5:16)
    at Module._compile (node:internal/modules/cjs/loader:1812:14)
    at Module._extensions..js (node:internal/modules/cjs/loader:1943:10) {
  code: 'MODULE_NOT_FOUND',
  requireStack: [
    '/home/mhgbkxaz/nodeapp/server.js',
    '/usr/local/lsws/fcgi-bin/lsnode.js'
  ]
}

Node.js v24.14.1
node:internal/modules/cjs/loader:1459
  throw err;
  ^

Error: Cannot find module 'multer'
Require stack:
- /home/mhgbkxaz/nodeapp/server.js
- /usr/local/lsws/fcgi-bin/lsnode.js
    at Module._resolveFilename (node:internal/modules/cjs/loader:1456:15)
    at defaultResolveImpl (node:internal/modules/cjs/loader:1066:19)
    at resolveForCJSWithHooks (node:internal/modules/cjs/loader:1071:22)
    at Module._load (node:internal/modules/cjs/loader:1242:25)
    at wrapModuleLoad (node:internal/modules/cjs/loader:255:19)
    at Module.require (node:internal/modules/cjs/loader:1556:12)
    at require (node:internal/modules/helpers:152:16)
    at Object.<anonymous> (/home/mhgbkxaz/nodeapp/server.js:5:16)
    at Module._compile (node:internal/modules/cjs/loader:1812:14)
    at Module._extensions..js (node:internal/modules/cjs/loader:1943:10) {
  code: 'MODULE_NOT_FOUND',
  requireStack: [
    '/home/mhgbkxaz/nodeapp/server.js',
    '/usr/local/lsws/fcgi-bin/lsnode.js'
  ]
}

Node.js v24.14.1
node:internal/modules/cjs/loader:1459
  throw err;
  ^

Error: Cannot find module 'multer'
Require stack:
- /home/mhgbkxaz/nodeapp/server.js
- /usr/local/lsws/fcgi-bin/lsnode.js
    at Module._resolveFilename (node:internal/modules/cjs/loader:1456:15)
    at defaultResolveImpl (node:internal/modules/cjs/loader:1066:19)
    at resolveForCJSWithHooks (node:internal/modules/cjs/loader:1071:22)
    at Module._load (node:internal/modules/cjs/loader:1242:25)
    at wrapModuleLoad (node:internal/modules/cjs/loader:255:19)
    at Module.require (node:internal/modules/cjs/loader:1556:12)
    at require (node:internal/modules/helpers:152:16)
    at Object.<anonymous> (/home/mhgbkxaz/nodeapp/server.js:5:16)
    at Module._compile (node:internal/modules/cjs/loader:1812:14)
    at Module._extensions..js (node:internal/modules/cjs/loader:1943:10) {
  code: 'MODULE_NOT_FOUND',
  requireStack: [
    '/home/mhgbkxaz/nodeapp/server.js',
    '/usr/local/lsws/fcgi-bin/lsnode.js'
  ]
}

Node.js v24.14.1
node:internal/modules/cjs/loader:1459
  throw err;
  ^

Error: Cannot find module 'multer'
Require stack:
- /home/mhgbkxaz/nodeapp/server.js
- /usr/local/lsws/fcgi-bin/lsnode.js
    at Module._resolveFilename (node:internal/modules/cjs/loader:1456:15)
    at defaultResolveImpl (node:internal/modules/cjs/loader:1066:19)
    at resolveForCJSWithHooks (node:internal/modules/cjs/loader:1071:22)
    at Module._load (node:internal/modules/cjs/loader:1242:25)
    at wrapModuleLoad (node:internal/modules/cjs/loader:255:19)
    at Module.require (node:internal/modules/cjs/loader:1556:12)
    at require (node:internal/modules/helpers:152:16)
    at Object.<anonymous> (/home/mhgbkxaz/nodeapp/server.js:5:16)
    at Module._compile (node:internal/modules/cjs/loader:1812:14)
    at Module._extensions..js (node:internal/modules/cjs/loader:1943:10) {
  code: 'MODULE_NOT_FOUND',
  requireStack: [
    '/home/mhgbkxaz/nodeapp/server.js',
    '/usr/local/lsws/fcgi-bin/lsnode.js'
  ]
}

Node.js v24.14.1
node:internal/modules/cjs/loader:1459
  throw err;
  ^

Error: Cannot find module 'multer'
Require stack:
- /home/mhgbkxaz/nodeapp/server.js
- /usr/local/lsws/fcgi-bin/lsnode.js
    at Module._resolveFilename (node:internal/modules/cjs/loader:1456:15)
    at defaultResolveImpl (node:internal/modules/cjs/loader:1066:19)
    at resolveForCJSWithHooks (node:internal/modules/cjs/loader:1071:22)
    at Module._load (node:internal/modules/cjs/loader:1242:25)
    at wrapModuleLoad (node:internal/modules/cjs/loader:255:19)
    at Module.require (node:internal/modules/cjs/loader:1556:12)
    at require (node:internal/modules/helpers:152:16)
    at Object.<anonymous> (/home/mhgbkxaz/nodeapp/server.js:5:16)
    at Module._compile (node:internal/modules/cjs/loader:1812:14)
    at Module._extensions..js (node:internal/modules/cjs/loader:1943:10) {
  code: 'MODULE_NOT_FOUND',
  requireStack: [
    '/home/mhgbkxaz/nodeapp/server.js',
    '/usr/local/lsws/fcgi-bin/lsnode.js'
  ]
}

Node.js v24.14.1
node:internal/modules/cjs/loader:1459
  throw err;
  ^

Error: Cannot find module 'multer'
Require stack:
- /home/mhgbkxaz/nodeapp/server.js
- /usr/local/lsws/fcgi-bin/lsnode.js
    at Module._resolveFilename (node:internal/modules/cjs/loader:1456:15)
    at defaultResolveImpl (node:internal/modules/cjs/loader:1066:19)
    at resolveForCJSWithHooks (node:internal/modules/cjs/loader:1071:22)
    at Module._load (node:internal/modules/cjs/loader:1242:25)
    at wrapModuleLoad (node:internal/modules/cjs/loader:255:19)
    at Module.require (node:internal/modules/cjs/loader:1556:12)
    at require (node:internal/modules/helpers:152:16)
    at Object.<anonymous> (/home/mhgbkxaz/nodeapp/server.js:5:16)
    at Module._compile (node:internal/modules/cjs/loader:1812:14)
    at Module._extensions..js (node:internal/modules/cjs/loader:1943:10) {
  code: 'MODULE_NOT_FOUND',
  requireStack: [
    '/home/mhgbkxaz/nodeapp/server.js',
    '/usr/local/lsws/fcgi-bin/lsnode.js'
  ]
}

Node.js v24.14.1
node:internal/modules/cjs/loader:1459
  throw err;
  ^

Error: Cannot find module 'multer'
Require stack:
- /home/mhgbkxaz/nodeapp/server.js
- /usr/local/lsws/fcgi-bin/lsnode.js
    at Module._resolveFilename (node:internal/modules/cjs/loader:1456:15)
    at defaultResolveImpl (node:internal/modules/cjs/loader:1066:19)
    at resolveForCJSWithHooks (node:internal/modules/cjs/loader:1071:22)
    at Module._load (node:internal/modules/cjs/loader:1242:25)
    at wrapModuleLoad (node:internal/modules/cjs/loader:255:19)
    at Module.require (node:internal/modules/cjs/loader:1556:12)
    at require (node:internal/modules/helpers:152:16)
    at Object.<anonymous> (/home/mhgbkxaz/nodeapp/server.js:5:16)
    at Module._compile (node:internal/modules/cjs/loader:1812:14)
    at Module._extensions..js (node:internal/modules/cjs/loader:1943:10) {
  code: 'MODULE_NOT_FOUND',
  requireStack: [
    '/home/mhgbkxaz/nodeapp/server.js',
    '/usr/local/lsws/fcgi-bin/lsnode.js'
  ]
}

Node.js v24.14.1
node:internal/modules/cjs/loader:1459
  throw err;
  ^

Error: Cannot find module 'multer'
Require stack:
- /home/mhgbkxaz/nodeapp/server.js
- /usr/local/lsws/fcgi-bin/lsnode.js
    at Module._resolveFilename (node:internal/modules/cjs/loader:1456:15)
    at defaultResolveImpl (node:internal/modules/cjs/loader:1066:19)
    at resolveForCJSWithHooks (node:internal/modules/cjs/loader:1071:22)
    at Module._load (node:internal/modules/cjs/loader:1242:25)
    at wrapModuleLoad (node:internal/modules/cjs/loader:255:19)
    at Module.require (node:internal/modules/cjs/loader:1556:12)
    at require (node:internal/modules/helpers:152:16)
    at Object.<anonymous> (/home/mhgbkxaz/nodeapp/server.js:5:16)
    at Module._compile (node:internal/modules/cjs/loader:1812:14)
    at Module._extensions..js (node:internal/modules/cjs/loader:1943:10) {
  code: 'MODULE_NOT_FOUND',
  requireStack: [
    '/home/mhgbkxaz/nodeapp/server.js',
    '/usr/local/lsws/fcgi-bin/lsnode.js'
  ]
}

Node.js v24.14.1
node:internal/modules/cjs/loader:1459
  throw err;
  ^

Error: Cannot find module 'multer'
Require stack:
- /home/mhgbkxaz/nodeapp/server.js
- /usr/local/lsws/fcgi-bin/lsnode.js
    at Module._resolveFilename (node:internal/modules/cjs/loader:1456:15)
    at defaultResolveImpl (node:internal/modules/cjs/loader:1066:19)
    at resolveForCJSWithHooks (node:internal/modules/cjs/loader:1071:22)
    at Module._load (node:internal/modules/cjs/loader:1242:25)
    at wrapModuleLoad (node:internal/modules/cjs/loader:255:19)
    at Module.require (node:internal/modules/cjs/loader:1556:12)
    at require (node:internal/modules/helpers:152:16)
    at Object.<anonymous> (/home/mhgbkxaz/nodeapp/server.js:5:16)
    at Module._compile (node:internal/modules/cjs/loader:1812:14)
    at Module._extensions..js (node:internal/modules/cjs/loader:1943:10) {
  code: 'MODULE_NOT_FOUND',
  requireStack: [
    '/home/mhgbkxaz/nodeapp/server.js',
    '/usr/local/lsws/fcgi-bin/lsnode.js'
  ]
}

Node.js v24.14.1
node:internal/modules/cjs/loader:1459
  throw err;
  ^

Error: Cannot find module 'multer'
Require stack:
- /home/mhgbkxaz/nodeapp/server.js
- /usr/local/lsws/fcgi-bin/lsnode.js
    at Module._resolveFilename (node:internal/modules/cjs/loader:1456:15)
    at defaultResolveImpl (node:internal/modules/cjs/loader:1066:19)
    at resolveForCJSWithHooks (node:internal/modules/cjs/loader:1071:22)
    at Module._load (node:internal/modules/cjs/loader:1242:25)
    at wrapModuleLoad (node:internal/modules/cjs/loader:255:19)
    at Module.require (node:internal/modules/cjs/loader:1556:12)
    at require (node:internal/modules/helpers:152:16)
    at Object.<anonymous> (/home/mhgbkxaz/nodeapp/server.js:5:16)
    at Module._compile (node:internal/modules/cjs/loader:1812:14)
    at Module._extensions..js (node:internal/modules/cjs/loader:1943:10) {
  code: 'MODULE_NOT_FOUND',
  requireStack: [
    '/home/mhgbkxaz/nodeapp/server.js',
    '/usr/local/lsws/fcgi-bin/lsnode.js'
  ]
}

Node.js v24.14.1
node:internal/modules/cjs/loader:1459
  throw err;
  ^

Error: Cannot find module 'multer'
Require stack:
- /home/mhgbkxaz/nodeapp/server.js
- /usr/local/lsws/fcgi-bin/lsnode.js
    at Module._resolveFilename (node:internal/modules/cjs/loader:1456:15)
    at defaultResolveImpl (node:internal/modules/cjs/loader:1066:19)
    at resolveForCJSWithHooks (node:internal/modules/cjs/loader:1071:22)
    at Module._load (node:internal/modules/cjs/loader:1242:25)
    at wrapModuleLoad (node:internal/modules/cjs/loader:255:19)
    at Module.require (node:internal/modules/cjs/loader:1556:12)
    at require (node:internal/modules/helpers:152:16)
    at Object.<anonymous> (/home/mhgbkxaz/nodeapp/server.js:5:16)
    at Module._compile (node:internal/modules/cjs/loader:1812:14)
    at Module._extensions..js (node:internal/modules/cjs/loader:1943:10) {
  code: 'MODULE_NOT_FOUND',
  requireStack: [
    '/home/mhgbkxaz/nodeapp/server.js',
    '/usr/local/lsws/fcgi-bin/lsnode.js'
  ]
}

Node.js v24.14.1
node:internal/modules/cjs/loader:1459
  throw err;
  ^

Error: Cannot find module 'multer'
Require stack:
- /home/mhgbkxaz/nodeapp/server.js
- /usr/local/lsws/fcgi-bin/lsnode.js
    at Module._resolveFilename (node:internal/modules/cjs/loader:1456:15)
    at defaultResolveImpl (node:internal/modules/cjs/loader:1066:19)
    at resolveForCJSWithHooks (node:internal/modules/cjs/loader:1071:22)
    at Module._load (node:internal/modules/cjs/loader:1242:25)
    at wrapModuleLoad (node:internal/modules/cjs/loader:255:19)
    at Module.require (node:internal/modules/cjs/loader:1556:12)
    at require (node:internal/modules/helpers:152:16)
    at Object.<anonymous> (/home/mhgbkxaz/nodeapp/server.js:5:16)
    at Module._compile (node:internal/modules/cjs/loader:1812:14)
    at Module._extensions..js (node:internal/modules/cjs/loader:1943:10) {
  code: 'MODULE_NOT_FOUND',
  requireStack: [
    '/home/mhgbkxaz/nodeapp/server.js',
    '/usr/local/lsws/fcgi-bin/lsnode.js'
  ]
}

Node.js v24.14.1
node:internal/modules/cjs/loader:1459
  throw err;
  ^

Error: Cannot find module 'multer'
Require stack:
- /home/mhgbkxaz/nodeapp/server.js
- /usr/local/lsws/fcgi-bin/lsnode.js
    at Module._resolveFilename (node:internal/modules/cjs/loader:1456:15)
    at defaultResolveImpl (node:internal/modules/cjs/loader:1066:19)
    at resolveForCJSWithHooks (node:internal/modules/cjs/loader:1071:22)
    at Module._load (node:internal/modules/cjs/loader:1242:25)
    at wrapModuleLoad (node:internal/modules/cjs/loader:255:19)
    at Module.require (node:internal/modules/cjs/loader:1556:12)
    at require (node:internal/modules/helpers:152:16)
    at Object.<anonymous> (/home/mhgbkxaz/nodeapp/server.js:5:16)
    at Module._compile (node:internal/modules/cjs/loader:1812:14)
    at Module._extensions..js (node:internal/modules/cjs/loader:1943:10) {
  code: 'MODULE_NOT_FOUND',
  requireStack: [
    '/home/mhgbkxaz/nodeapp/server.js',
    '/usr/local/lsws/fcgi-bin/lsnode.js'
  ]
}

Node.js v24.14.1
node:internal/modules/cjs/loader:1459
  throw err;
  ^

Error: Cannot find module 'multer'
Require stack:
- /home/mhgbkxaz/nodeapp/server.js
- /usr/local/lsws/fcgi-bin/lsnode.js
    at Module._resolveFilename (node:internal/modules/cjs/loader:1456:15)
    at defaultResolveImpl (node:internal/modules/cjs/loader:1066:19)
    at resolveForCJSWithHooks (node:internal/modules/cjs/loader:1071:22)
    at Module._load (node:internal/modules/cjs/loader:1242:25)
    at wrapModuleLoad (node:internal/modules/cjs/loader:255:19)
    at Module.require (node:internal/modules/cjs/loader:1556:12)
    at require (node:internal/modules/helpers:152:16)
    at Object.<anonymous> (/home/mhgbkxaz/nodeapp/server.js:5:16)
    at Module._compile (node:internal/modules/cjs/loader:1812:14)
    at Module._extensions..js (node:internal/modules/cjs/loader:1943:10) {
  code: 'MODULE_NOT_FOUND',
  requireStack: [
    '/home/mhgbkxaz/nodeapp/server.js',
    '/usr/local/lsws/fcgi-bin/lsnode.js'
  ]
}

Node.js v24.14.1
node:internal/modules/cjs/loader:1459
  throw err;
  ^

Error: Cannot find module 'multer'
Require stack:
- /home/mhgbkxaz/nodeapp/server.js
- /usr/local/lsws/fcgi-bin/lsnode.js
    at Module._resolveFilename (node:internal/modules/cjs/loader:1456:15)
    at defaultResolveImpl (node:internal/modules/cjs/loader:1066:19)
    at resolveForCJSWithHooks (node:internal/modules/cjs/loader:1071:22)
    at Module._load (node:internal/modules/cjs/loader:1242:25)
    at wrapModuleLoad (node:internal/modules/cjs/loader:255:19)
    at Module.require (node:internal/modules/cjs/loader:1556:12)
    at require (node:internal/modules/helpers:152:16)
    at Object.<anonymous> (/home/mhgbkxaz/nodeapp/server.js:5:16)
    at Module._compile (node:internal/modules/cjs/loader:1812:14)
    at Module._extensions..js (node:internal/modules/cjs/loader:1943:10) {
  code: 'MODULE_NOT_FOUND',
  requireStack: [
    '/home/mhgbkxaz/nodeapp/server.js',
    '/usr/local/lsws/fcgi-bin/lsnode.js'
  ]
}

Node.js v24.14.1
node:internal/modules/cjs/loader:1459
  throw err;
  ^

Error: Cannot find module 'multer'
Require stack:
- /home/mhgbkxaz/nodeapp/server.js
- /usr/local/lsws/fcgi-bin/lsnode.js
    at Module._resolveFilename (node:internal/modules/cjs/loader:1456:15)
    at defaultResolveImpl (node:internal/modules/cjs/loader:1066:19)
    at resolveForCJSWithHooks (node:internal/modules/cjs/loader:1071:22)
    at Module._load (node:internal/modules/cjs/loader:1242:25)
    at wrapModuleLoad (node:internal/modules/cjs/loader:255:19)
    at Module.require (node:internal/modules/cjs/loader:1556:12)
    at require (node:internal/modules/helpers:152:16)
    at Object.<anonymous> (/home/mhgbkxaz/nodeapp/server.js:5:16)
    at Module._compile (node:internal/modules/cjs/loader:1812:14)
    at Module._extensions..js (node:internal/modules/cjs/loader:1943:10) {
  code: 'MODULE_NOT_FOUND',
  requireStack: [
    '/home/mhgbkxaz/nodeapp/server.js',
    '/usr/local/lsws/fcgi-bin/lsnode.js'
  ]
}

Node.js v24.14.1
node:internal/modules/cjs/loader:1459
  throw err;
  ^

Error: Cannot find module 'multer'
Require stack:
- /home/mhgbkxaz/nodeapp/server.js
- /usr/local/lsws/fcgi-bin/lsnode.js
    at Module._resolveFilename (node:internal/modules/cjs/loader:1456:15)
    at defaultResolveImpl (node:internal/modules/cjs/loader:1066:19)
    at resolveForCJSWithHooks (node:internal/modules/cjs/loader:1071:22)
    at Module._load (node:internal/modules/cjs/loader:1242:25)
    at wrapModuleLoad (node:internal/modules/cjs/loader:255:19)
    at Module.require (node:internal/modules/cjs/loader:1556:12)
    at require (node:internal/modules/helpers:152:16)
    at Object.<anonymous> (/home/mhgbkxaz/nodeapp/server.js:5:16)
    at Module._compile (node:internal/modules/cjs/loader:1812:14)
    at Module._extensions..js (node:internal/modules/cjs/loader:1943:10) {
  code: 'MODULE_NOT_FOUND',
  requireStack: [
    '/home/mhgbkxaz/nodeapp/server.js',
    '/usr/local/lsws/fcgi-bin/lsnode.js'
  ]
}

Node.js v24.14.1
node:internal/modules/cjs/loader:1459
  throw err;
  ^

Error: Cannot find module 'multer'
Require stack:
- /home/mhgbkxaz/nodeapp/server.js
- /usr/local/lsws/fcgi-bin/lsnode.js
    at Module._resolveFilename (node:internal/modules/cjs/loader:1456:15)
    at defaultResolveImpl (node:internal/modules/cjs/loader:1066:19)
    at resolveForCJSWithHooks (node:internal/modules/cjs/loader:1071:22)
    at Module._load (node:internal/modules/cjs/loader:1242:25)
    at wrapModuleLoad (node:internal/modules/cjs/loader:255:19)
    at Module.require (node:internal/modules/cjs/loader:1556:12)
    at require (node:internal/modules/helpers:152:16)
    at Object.<anonymous> (/home/mhgbkxaz/nodeapp/server.js:5:16)
    at Module._compile (node:internal/modules/cjs/loader:1812:14)
    at Module._extensions..js (node:internal/modules/cjs/loader:1943:10) {
  code: 'MODULE_NOT_FOUND',
  requireStack: [
    '/home/mhgbkxaz/nodeapp/server.js',
    '/usr/local/lsws/fcgi-bin/lsnode.js'
  ]
}

Node.js v24.14.1
node:internal/modules/cjs/loader:1459
  throw err;
  ^

Error: Cannot find module 'multer'
Require stack:
- /home/mhgbkxaz/nodeapp/server.js
- /usr/local/lsws/fcgi-bin/lsnode.js
    at Module._resolveFilename (node:internal/modules/cjs/loader:1456:15)
    at defaultResolveImpl (node:internal/modules/cjs/loader:1066:19)
    at resolveForCJSWithHooks (node:internal/modules/cjs/loader:1071:22)
    at Module._load (node:internal/modules/cjs/loader:1242:25)
    at wrapModuleLoad (node:internal/modules/cjs/loader:255:19)
    at Module.require (node:internal/modules/cjs/loader:1556:12)
    at require (node:internal/modules/helpers:152:16)
    at Object.<anonymous> (/home/mhgbkxaz/nodeapp/server.js:5:16)
    at Module._compile (node:internal/modules/cjs/loader:1812:14)
    at Module._extensions..js (node:internal/modules/cjs/loader:1943:10) {
  code: 'MODULE_NOT_FOUND',
  requireStack: [
    '/home/mhgbkxaz/nodeapp/server.js',
    '/usr/local/lsws/fcgi-bin/lsnode.js'
  ]
}

Node.js v24.14.1
node:internal/modules/cjs/loader:1459
  throw err;
  ^

Error: Cannot find module 'multer'
Require stack:
- /home/mhgbkxaz/nodeapp/server.js
- /usr/local/lsws/fcgi-bin/lsnode.js
    at Module._resolveFilename (node:internal/modules/cjs/loader:1456:15)
    at defaultResolveImpl (node:internal/modules/cjs/loader:1066:19)
    at resolveForCJSWithHooks (node:internal/modules/cjs/loader:1071:22)
    at Module._load (node:internal/modules/cjs/loader:1242:25)
    at wrapModuleLoad (node:internal/modules/cjs/loader:255:19)
    at Module.require (node:internal/modules/cjs/loader:1556:12)
    at require (node:internal/modules/helpers:152:16)
    at Object.<anonymous> (/home/mhgbkxaz/nodeapp/server.js:5:16)
    at Module._compile (node:internal/modules/cjs/loader:1812:14)
    at Module._extensions..js (node:internal/modules/cjs/loader:1943:10) {
  code: 'MODULE_NOT_FOUND',
  requireStack: [
    '/home/mhgbkxaz/nodeapp/server.js',
    '/usr/local/lsws/fcgi-bin/lsnode.js'
  ]
}

Node.js v24.14.1
<anonymous_script>:0


[Error: SQLITE_ERROR: no such table: email_verifications
Emitted 'error' event on Statement instance at:
] {
  errno: 1,
  code: 'SQLITE_ERROR'
}

Node.js v24.14.1
/home/mhgbkxaz/nodeapp/server.js:1
cd /home/mhgbkxaz/nodeapp
^

ReferenceError: cd is not defined
    at Object.<anonymous> (/home/mhgbkxaz/nodeapp/server.js:1:1)
    at Module._compile (node:internal/modules/cjs/loader:1812:14)
    at Module._extensions..js (node:internal/modules/cjs/loader:1943:10)
    at Module.load (node:internal/modules/cjs/loader:1533:32)
    at Module._load (node:internal/modules/cjs/loader:1335:12)
    at wrapModuleLoad (node:internal/modules/cjs/loader:255:19)
    at Module.require (node:internal/modules/cjs/loader:1556:12)
    at require (node:internal/modules/helpers:152:16)
    at startApplication (/usr/local/lsws/fcgi-bin/lsnode.js:51:15)
    at Object.<anonymous> (/usr/local/lsws/fcgi-bin/lsnode.js:16:1)

Node.js v24.14.1
/home/mhgbkxaz/nodeapp/server.js:1
cd /home/mhgbkxaz/nodeapp
^

ReferenceError: cd is not defined
    at Object.<anonymous> (/home/mhgbkxaz/nodeapp/server.js:1:1)
    at Module._compile (node:internal/modules/cjs/loader:1812:14)
    at Module._extensions..js (node:internal/modules/cjs/loader:1943:10)
    at Module.load (node:internal/modules/cjs/loader:1533:32)
    at Module._load (node:internal/modules/cjs/loader:1335:12)
    at wrapModuleLoad (node:internal/modules/cjs/loader:255:19)
    at Module.require (node:internal/modules/cjs/loader:1556:12)
    at require (node:internal/modules/helpers:152:16)
    at startApplication (/usr/local/lsws/fcgi-bin/lsnode.js:51:15)
    at Object.<anonymous> (/usr/local/lsws/fcgi-bin/lsnode.js:16:1)

Node.js v24.14.1
/home/mhgbkxaz/nodeapp/server.js:1
cd /home/mhgbkxaz/nodeapp
^

ReferenceError: cd is not defined
    at Object.<anonymous> (/home/mhgbkxaz/nodeapp/server.js:1:1)
    at Module._compile (node:internal/modules/cjs/loader:1812:14)
    at Module._extensions..js (node:internal/modules/cjs/loader:1943:10)
    at Module.load (node:internal/modules/cjs/loader:1533:32)
    at Module._load (node:internal/modules/cjs/loader:1335:12)
    at wrapModuleLoad (node:internal/modules/cjs/loader:255:19)
    at Module.require (node:internal/modules/cjs/loader:1556:12)
    at require (node:internal/modules/helpers:152:16)
    at startApplication (/usr/local/lsws/fcgi-bin/lsnode.js:51:15)
    at Object.<anonymous> (/usr/local/lsws/fcgi-bin/lsnode.js:16:1)

Node.js v24.14.1
/home/mhgbkxaz/nodeapp/server.js:1
cd /home/mhgbkxaz/nodeapp
^

ReferenceError: cd is not defined
    at Object.<anonymous> (/home/mhgbkxaz/nodeapp/server.js:1:1)
    at Module._compile (node:internal/modules/cjs/loader:1812:14)
    at Module._extensions..js (node:internal/modules/cjs/loader:1943:10)
    at Module.load (node:internal/modules/cjs/loader:1533:32)
    at Module._load (node:internal/modules/cjs/loader:1335:12)
    at wrapModuleLoad (node:internal/modules/cjs/loader:255:19)
    at Module.require (node:internal/modules/cjs/loader:1556:12)
    at require (node:internal/modules/helpers:152:16)
    at startApplication (/usr/local/lsws/fcgi-bin/lsnode.js:51:15)
    at Object.<anonymous> (/usr/local/lsws/fcgi-bin/lsnode.js:16:1)

Node.js v24.14.1
/home/mhgbkxaz/nodeapp/server.js:1
cd /home/mhgbkxaz/nodeapp
^

ReferenceError: cd is not defined
    at Object.<anonymous> (/home/mhgbkxaz/nodeapp/server.js:1:1)
    at Module._compile (node:internal/modules/cjs/loader:1812:14)
    at Module._extensions..js (node:internal/modules/cjs/loader:1943:10)
    at Module.load (node:internal/modules/cjs/loader:1533:32)
    at Module._load (node:internal/modules/cjs/loader:1335:12)
    at wrapModuleLoad (node:internal/modules/cjs/loader:255:19)
    at Module.require (node:internal/modules/cjs/loader:1556:12)
    at require (node:internal/modules/helpers:152:16)
    at startApplication (/usr/local/lsws/fcgi-bin/lsnode.js:51:15)
    at Object.<anonymous> (/usr/local/lsws/fcgi-bin/lsnode.js:16:1)

Node.js v24.14.1
/home/mhgbkxaz/nodeapp/server.js:1
cd /home/mhgbkxaz/nodeapp
^

ReferenceError: cd is not defined
    at Object.<anonymous> (/home/mhgbkxaz/nodeapp/server.js:1:1)
    at Module._compile (node:internal/modules/cjs/loader:1812:14)
    at Module._extensions..js (node:internal/modules/cjs/loader:1943:10)
    at Module.load (node:internal/modules/cjs/loader:1533:32)
    at Module._load (node:internal/modules/cjs/loader:1335:12)
    at wrapModuleLoad (node:internal/modules/cjs/loader:255:19)
    at Module.require (node:internal/modules/cjs/loader:1556:12)
    at require (node:internal/modules/helpers:152:16)
    at startApplication (/usr/local/lsws/fcgi-bin/lsnode.js:51:15)
    at Object.<anonymous> (/usr/local/lsws/fcgi-bin/lsnode.js:16:1)

Node.js v24.14.1
/home/mhgbkxaz/nodeapp/server.js:1
cd /home/mhgbkxaz/nodeapp
^

ReferenceError: cd is not defined
    at Object.<anonymous> (/home/mhgbkxaz/nodeapp/server.js:1:1)
    at Module._compile (node:internal/modules/cjs/loader:1812:14)
    at Module._extensions..js (node:internal/modules/cjs/loader:1943:10)
    at Module.load (node:internal/modules/cjs/loader:1533:32)
    at Module._load (node:internal/modules/cjs/loader:1335:12)
    at wrapModuleLoad (node:internal/modules/cjs/loader:255:19)
    at Module.require (node:internal/modules/cjs/loader:1556:12)
    at require (node:internal/modules/helpers:152:16)
    at startApplication (/usr/local/lsws/fcgi-bin/lsnode.js:51:15)
    at Object.<anonymous> (/usr/local/lsws/fcgi-bin/lsnode.js:16:1)

Node.js v24.14.1
/home/mhgbkxaz/nodeapp/server.js:1
cd /home/mhgbkxaz/nodeapp
^

ReferenceError: cd is not defined
    at Object.<anonymous> (/home/mhgbkxaz/nodeapp/server.js:1:1)
    at Module._compile (node:internal/modules/cjs/loader:1812:14)
    at Module._extensions..js (node:internal/modules/cjs/loader:1943:10)
    at Module.load (node:internal/modules/cjs/loader:1533:32)
    at Module._load (node:internal/modules/cjs/loader:1335:12)
    at wrapModuleLoad (node:internal/modules/cjs/loader:255:19)
    at Module.require (node:internal/modules/cjs/loader:1556:12)
    at require (node:internal/modules/helpers:152:16)
    at startApplication (/usr/local/lsws/fcgi-bin/lsnode.js:51:15)
    at Object.<anonymous> (/usr/local/lsws/fcgi-bin/lsnode.js:16:1)

Node.js v24.14.1
/home/mhgbkxaz/nodeapp/server.js:1
cd /home/mhgbkxaz/nodeapp
^

ReferenceError: cd is not defined
    at Object.<anonymous> (/home/mhgbkxaz/nodeapp/server.js:1:1)
    at Module._compile (node:internal/modules/cjs/loader:1812:14)
    at Module._extensions..js (node:internal/modules/cjs/loader:1943:10)
    at Module.load (node:internal/modules/cjs/loader:1533:32)
    at Module._load (node:internal/modules/cjs/loader:1335:12)
    at wrapModuleLoad (node:internal/modules/cjs/loader:255:19)
    at Module.require (node:internal/modules/cjs/loader:1556:12)
    at require (node:internal/modules/helpers:152:16)
    at startApplication (/usr/local/lsws/fcgi-bin/lsnode.js:51:15)
    at Object.<anonymous> (/usr/local/lsws/fcgi-bin/lsnode.js:16:1)

Node.js v24.14.1
/home/mhgbkxaz/nodeapp/server.js:1
404: Not Found
   ^

SyntaxError: Unexpected token ':'
    at wrapSafe (node:internal/modules/cjs/loader:1743:18)
    at Module._compile (node:internal/modules/cjs/loader:1786:20)
    at Module._extensions..js (node:internal/modules/cjs/loader:1943:10)
    at Module.load (node:internal/modules/cjs/loader:1533:32)
    at Module._load (node:internal/modules/cjs/loader:1335:12)
    at wrapModuleLoad (node:internal/modules/cjs/loader:255:19)
    at Module.require (node:internal/modules/cjs/loader:1556:12)
    at require (node:internal/modules/helpers:152:16)
    at startApplication (/usr/local/lsws/fcgi-bin/lsnode.js:51:15)
    at Object.<anonymous> (/usr/local/lsws/fcgi-bin/lsnode.js:16:1)

Node.js v24.14.1
/home/mhgbkxaz/nodeapp/server.js:1
404: Not Found
   ^

SyntaxError: Unexpected token ':'
    at wrapSafe (node:internal/modules/cjs/loader:1743:18)
    at Module._compile (node:internal/modules/cjs/loader:1786:20)
    at Module._extensions..js (node:internal/modules/cjs/loader:1943:10)
    at Module.load (node:internal/modules/cjs/loader:1533:32)
    at Module._load (node:internal/modules/cjs/loader:1335:12)
    at wrapModuleLoad (node:internal/modules/cjs/loader:255:19)
    at Module.require (node:internal/modules/cjs/loader:1556:12)
    at require (node:internal/modules/helpers:152:16)
    at startApplication (/usr/local/lsws/fcgi-bin/lsnode.js:51:15)
    at Object.<anonymous> (/usr/local/lsws/fcgi-bin/lsnode.js:16:1)

Node.js v24.14.1
/home/mhgbkxaz/nodeapp/server.js:1
404: Not Found
   ^

SyntaxError: Unexpected token ':'
    at wrapSafe (node:internal/modules/cjs/loader:1743:18)
    at Module._compile (node:internal/modules/cjs/loader:1786:20)
    at Module._extensions..js (node:internal/modules/cjs/loader:1943:10)
    at Module.load (node:internal/modules/cjs/loader:1533:32)
    at Module._load (node:internal/modules/cjs/loader:1335:12)
    at wrapModuleLoad (node:internal/modules/cjs/loader:255:19)
    at Module.require (node:internal/modules/cjs/loader:1556:12)
    at require (node:internal/modules/helpers:152:16)
    at startApplication (/usr/local/lsws/fcgi-bin/lsnode.js:51:15)
    at Object.<anonymous> (/usr/local/lsws/fcgi-bin/lsnode.js:16:1)

Node.js v24.14.1
/home/mhgbkxaz/nodeapp/server.js:1
404: Not Found
   ^

SyntaxError: Unexpected token ':'
    at wrapSafe (node:internal/modules/cjs/loader:1743:18)
    at Module._compile (node:internal/modules/cjs/loader:1786:20)
    at Module._extensions..js (node:internal/modules/cjs/loader:1943:10)
    at Module.load (node:internal/modules/cjs/loader:1533:32)
    at Module._load (node:internal/modules/cjs/loader:1335:12)
    at wrapModuleLoad (node:internal/modules/cjs/loader:255:19)
    at Module.require (node:internal/modules/cjs/loader:1556:12)
    at require (node:internal/modules/helpers:152:16)
    at startApplication (/usr/local/lsws/fcgi-bin/lsnode.js:51:15)
    at Object.<anonymous> (/usr/local/lsws/fcgi-bin/lsnode.js:16:1)

Node.js v24.14.1
/home/mhgbkxaz/nodeapp/server.js:1
404: Not Found
   ^

SyntaxError: Unexpected token ':'
    at wrapSafe (node:internal/modules/cjs/loader:1743:18)
    at Module._compile (node:internal/modules/cjs/loader:1786:20)
    at Module._extensions..js (node:internal/modules/cjs/loader:1943:10)
    at Module.load (node:internal/modules/cjs/loader:1533:32)
    at Module._load (node:internal/modules/cjs/loader:1335:12)
    at wrapModuleLoad (node:internal/modules/cjs/loader:255:19)
    at Module.require (node:internal/modules/cjs/loader:1556:12)
    at require (node:internal/modules/helpers:152:16)
    at startApplication (/usr/local/lsws/fcgi-bin/lsnode.js:51:15)
    at Object.<anonymous> (/usr/local/lsws/fcgi-bin/lsnode.js:16:1)

Node.js v24.14.1
/home/mhgbkxaz/nodeapp/server.js:1
404: Not Found
   ^

SyntaxError: Unexpected token ':'
    at wrapSafe (node:internal/modules/cjs/loader:1743:18)
    at Module._compile (node:internal/modules/cjs/loader:1786:20)
    at Module._extensions..js (node:internal/modules/cjs/loader:1943:10)
    at Module.load (node:internal/modules/cjs/loader:1533:32)
    at Module._load (node:internal/modules/cjs/loader:1335:12)
    at wrapModuleLoad (node:internal/modules/cjs/loader:255:19)
    at Module.require (node:internal/modules/cjs/loader:1556:12)
    at require (node:internal/modules/helpers:152:16)
    at startApplication (/usr/local/lsws/fcgi-bin/lsnode.js:51:15)
    at Object.<anonymous> (/usr/local/lsws/fcgi-bin/lsnode.js:16:1)

Node.js v24.14.1
/home/mhgbkxaz/nodeapp/server.js:40
        console.log 'Generated hash:', passwordHash);
                    ^^^^^^^^^^^^^^^^^

SyntaxError: Unexpected string
    at wrapSafe (node:internal/modules/cjs/loader:1743:18)
    at Module._compile (node:internal/modules/cjs/loader:1786:20)
    at Module._extensions..js (node:internal/modules/cjs/loader:1943:10)
    at Module.load (node:internal/modules/cjs/loader:1533:32)
    at Module._load (node:internal/modules/cjs/loader:1335:12)
    at wrapModuleLoad (node:internal/modules/cjs/loader:255:19)
    at Module.require (node:internal/modules/cjs/loader:1556:12)
    at require (node:internal/modules/helpers:152:16)
    at startApplication (/usr/local/lsws/fcgi-bin/lsnode.js:51:15)
    at Object.<anonymous> (/usr/local/lsws/fcgi-bin/lsnode.js:16:1)

Node.js v24.14.1
/home/mhgbkxaz/nodeapp/server.js:40
        console.log 'Generated hash:', passwordHash);
                    ^^^^^^^^^^^^^^^^^

SyntaxError: Unexpected string
    at wrapSafe (node:internal/modules/cjs/loader:1743:18)
    at Module._compile (node:internal/modules/cjs/loader:1786:20)
    at Module._extensions..js (node:internal/modules/cjs/loader:1943:10)
    at Module.load (node:internal/modules/cjs/loader:1533:32)
    at Module._load (node:internal/modules/cjs/loader:1335:12)
    at wrapModuleLoad (node:internal/modules/cjs/loader:255:19)
    at Module.require (node:internal/modules/cjs/loader:1556:12)
    at require (node:internal/modules/helpers:152:16)
    at startApplication (/usr/local/lsws/fcgi-bin/lsnode.js:51:15)
    at Object.<anonymous> (/usr/local/lsws/fcgi-bin/lsnode.js:16:1)

Node.js v24.14.1
/home/mhgbkxaz/nodeapp/server.js:40
        console.log 'Generated hash:', passwordHash);
                    ^^^^^^^^^^^^^^^^^

SyntaxError: Unexpected string
    at wrapSafe (node:internal/modules/cjs/loader:1743:18)
    at Module._compile (node:internal/modules/cjs/loader:1786:20)
    at Module._extensions..js (node:internal/modules/cjs/loader:1943:10)
    at Module.load (node:internal/modules/cjs/loader:1533:32)
    at Module._load (node:internal/modules/cjs/loader:1335:12)
    at wrapModuleLoad (node:internal/modules/cjs/loader:255:19)
    at Module.require (node:internal/modules/cjs/loader:1556:12)
    at require (node:internal/modules/helpers:152:16)
    at startApplication (/usr/local/lsws/fcgi-bin/lsnode.js:51:15)
    at Object.<anonymous> (/usr/local/lsws/fcgi-bin/lsnode.js:16:1)

Node.js v24.14.1
/home/mhgbkxaz/nodeapp/server.js:40
        console.log 'Generated hash:', passwordHash);
                    ^^^^^^^^^^^^^^^^^

SyntaxError: Unexpected string
    at wrapSafe (node:internal/modules/cjs/loader:1743:18)
    at Module._compile (node:internal/modules/cjs/loader:1786:20)
    at Module._extensions..js (node:internal/modules/cjs/loader:1943:10)
    at Module.load (node:internal/modules/cjs/loader:1533:32)
    at Module._load (node:internal/modules/cjs/loader:1335:12)
    at wrapModuleLoad (node:internal/modules/cjs/loader:255:19)
    at Module.require (node:internal/modules/cjs/loader:1556:12)
    at require (node:internal/modules/helpers:152:16)
    at startApplication (/usr/local/lsws/fcgi-bin/lsnode.js:51:15)
    at Object.<anonymous> (/usr/local/lsws/fcgi-bin/lsnode.js:16:1)

Node.js v24.14.1
/home/mhgbkxaz/nodeapp/server.js:40
        console.log 'Generated hash:', passwordHash);
                    ^^^^^^^^^^^^^^^^^

SyntaxError: Unexpected string
    at wrapSafe (node:internal/modules/cjs/loader:1743:18)
    at Module._compile (node:internal/modules/cjs/loader:1786:20)
    at Module._extensions..js (node:internal/modules/cjs/loader:1943:10)
    at Module.load (node:internal/modules/cjs/loader:1533:32)
    at Module._load (node:internal/modules/cjs/loader:1335:12)
    at wrapModuleLoad (node:internal/modules/cjs/loader:255:19)
    at Module.require (node:internal/modules/cjs/loader:1556:12)
    at require (node:internal/modules/helpers:152:16)
    at startApplication (/usr/local/lsws/fcgi-bin/lsnode.js:51:15)
    at Object.<anonymous> (/usr/local/lsws/fcgi-bin/lsnode.js:16:1)

Node.js v24.14.1
/home/mhgbkxaz/nodeapp/server.js:40
        console.log 'Generated hash:', passwordHash);
                    ^^^^^^^^^^^^^^^^^

SyntaxError: Unexpected string
    at wrapSafe (node:internal/modules/cjs/loader:1743:18)
    at Module._compile (node:internal/modules/cjs/loader:1786:20)
    at Module._extensions..js (node:internal/modules/cjs/loader:1943:10)
    at Module.load (node:internal/modules/cjs/loader:1533:32)
    at Module._load (node:internal/modules/cjs/loader:1335:12)
    at wrapModuleLoad (node:internal/modules/cjs/loader:255:19)
    at Module.require (node:internal/modules/cjs/loader:1556:12)
    at require (node:internal/modules/helpers:152:16)
    at startApplication (/usr/local/lsws/fcgi-bin/lsnode.js:51:15)
    at Object.<anonymous> (/usr/local/lsws/fcgi-bin/lsnode.js:16:1)

Node.js v24.14.1
/home/mhgbkxaz/nodeapp/server.js:40
        console.log 'Generated hash:', passwordHash);
                    ^^^^^^^^^^^^^^^^^

SyntaxError: Unexpected string
    at wrapSafe (node:internal/modules/cjs/loader:1743:18)
    at Module._compile (node:internal/modules/cjs/loader:1786:20)
    at Module._extensions..js (node:internal/modules/cjs/loader:1943:10)
    at Module.load (node:internal/modules/cjs/loader:1533:32)
    at Module._load (node:internal/modules/cjs/loader:1335:12)
    at wrapModuleLoad (node:internal/modules/cjs/loader:255:19)
    at Module.require (node:internal/modules/cjs/loader:1556:12)
    at require (node:internal/modules/helpers:152:16)
    at startApplication (/usr/local/lsws/fcgi-bin/lsnode.js:51:15)
    at Object.<anonymous> (/usr/local/lsws/fcgi-bin/lsnode.js:16:1)

Node.js v24.14.1
/home/mhgbkxaz/nodeapp/server.js:40
        console.log 'Generated hash:', passwordHash);
                    ^^^^^^^^^^^^^^^^^

SyntaxError: Unexpected string
    at wrapSafe (node:internal/modules/cjs/loader:1743:18)
    at Module._compile (node:internal/modules/cjs/loader:1786:20)
    at Module._extensions..js (node:internal/modules/cjs/loader:1943:10)
    at Module.load (node:internal/modules/cjs/loader:1533:32)
    at Module._load (node:internal/modules/cjs/loader:1335:12)
    at wrapModuleLoad (node:internal/modules/cjs/loader:255:19)
    at Module.require (node:internal/modules/cjs/loader:1556:12)
    at require (node:internal/modules/helpers:152:16)
    at startApplication (/usr/local/lsws/fcgi-bin/lsnode.js:51:15)
    at Object.<anonymous> (/usr/local/lsws/fcgi-bin/lsnode.js:16:1)

Node.js v24.14.1
/home/mhgbkxaz/nodeapp/server.js:40
        console.log 'Generated hash:', passwordHash);
                    ^^^^^^^^^^^^^^^^^

SyntaxError: Unexpected string
    at wrapSafe (node:internal/modules/cjs/loader:1743:18)
    at Module._compile (node:internal/modules/cjs/loader:1786:20)
    at Module._extensions..js (node:internal/modules/cjs/loader:1943:10)
    at Module.load (node:internal/modules/cjs/loader:1533:32)
    at Module._load (node:internal/modules/cjs/loader:1335:12)
    at wrapModuleLoad (node:internal/modules/cjs/loader:255:19)
    at Module.require (node:internal/modules/cjs/loader:1556:12)
    at require (node:internal/modules/helpers:152:16)
    at startApplication (/usr/local/lsws/fcgi-bin/lsnode.js:51:15)
    at Object.<anonymous> (/usr/local/lsws/fcgi-bin/lsnode.js:16:1)

Node.js v24.14.1
